// Vitest Snapshot v1, https://vitest.dev/guide/snapshot.html

exports[`Components/FilterableCheckboxGroup > スナップショット 1`] = `
<div>
  <div
    class="🐻-3806325052"
  >
    <label
      class="🐻-92457733"
    >
      <svg
        fill="currentColor"
        height="18"
        stroke="currentColor"
        stroke-width="0"
        viewBox="0 0 24 24"
        width="18"
        xmlns="http://www.w3.org/2000/svg"
      >
        <title>
          検索
        </title>
        <path
          d="M0 0h24v24H0z"
          fill="none"
        />
        <path
          d="M15.5 14h-.79l-.28-.27A6.471 6.471 0 0 0 16 9.5 6.5 6.5 0 1 0 9.5 16c1.61 0 3.09-.59 4.23-1.57l.27.28v.79l5 4.99L20.49 19l-4.99-5zm-6 0C7.01 14 5 11.99 5 9.5S7.01 5 9.5 5 14 7.01 14 9.5 11.99 14 9.5 14z"
        />
      </svg>
      <input
        class="🐻-66788598"
        type="search"
        value=""
      />
    </label>
    <div
      class="🐻-336135186"
    >
      <label
        class="🐻-3595835307"
      >
        <input
          checked=""
          class="🐻-3042886335"
          type="checkbox"
        />
        <span
          class="🐻-3332179769"
        >
          <svg
            fill="currentColor"
            height="1.25rem"
            stroke="currentColor"
            stroke-width="0"
            viewBox="0 0 24 24"
            width="1.25rem"
            xmlns="http://www.w3.org/2000/svg"
          >
            <path
              d="M0 0h24v24H0z"
              fill="none"
            />
            <path
              d="M19 3H5a2 2 0 0 0-2 2v14a2 2 0 0 0 2 2h14a2 2 0 0 0 2-2V5a2 2 0 0 0-2-2zm-9 14-5-5 1.41-1.41L10 14.17l7.59-7.59L19 8l-9 9z"
            />
          </svg>
        </span>
        <span
          class="🐻-4135248302"
        >
          Foo
        </span>
      </label>
      <label
        class="🐻-3595835307"
      >
        <input
          class="🐻-3042886335"
          type="checkbox"
        />
        <span
          class="🐻-3332179769"
        >
          <svg
            fill="currentColor"
            height="1.25rem"
            stroke="currentColor"
            stroke-width="0"
            viewBox="0 0 24 24"
            width="1.25rem"
            xmlns="http://www.w3.org/2000/svg"
          >
            <path
              d="M0 0h24v24H0z"
              fill="none"
            />
            <path
              d="M19 5v14H5V5h14m0-2H5c-1.1 0-2 .9-2 2v14c0 1.1.9 2 2 2h14c1.1 0 2-.9 2-2V5c0-1.1-.9-2-2-2z"
            />
          </svg>
        </span>
        <span
          class="🐻-4135248302"
        >
          Bar
        </span>
      </label>
      <label
        class="🐻-3595835307"
      >
        <input
          class="🐻-3042886335"
          type="checkbox"
        />
        <span
          class="🐻-3332179769"
        >
          <svg
            fill="currentColor"
            height="1.25rem"
            stroke="currentColor"
            stroke-width="0"
            viewBox="0 0 24 24"
            width="1.25rem"
            xmlns="http://www.w3.org/2000/svg"
          >
            <path
              d="M0 0h24v24H0z"
              fill="none"
            />
            <path
              d="M19 5v14H5V5h14m0-2H5c-1.1 0-2 .9-2 2v14c0 1.1.9 2 2 2h14c1.1 0 2-.9 2-2V5c0-1.1-.9-2-2-2z"
            />
          </svg>
        </span>
        <span
          class="🐻-4135248302"
        >
          Baz
        </span>
      </label>
    </div>
  </div>
</div>
`;
